2025-12-31 14:19:14.331 [background-preinit] INFO  org.hibernate.validator.internal.util.Version - HV000001: Hibernate Validator 6.2.5.Final
2025-12-31 14:19:14.334 [restartedMain] INFO  com.ddl.manager.DdlApplication - Starting DdlApplication using Java 1.8.0_442 on DESKTOP-T5NRP3S with PID 7340 (C:\Users\alphabeta\Desktop\大三下\服务端期末\ddlManager\target\classes started by alphabeta in C:\Users\alphabeta\Desktop\大三下\服务端期末\ddlManager)
2025-12-31 14:19:14.335 [restartedMain] DEBUG com.ddl.manager.DdlApplication - Running with Spring Boot v2.7.18, Spring v5.3.31
2025-12-31 14:19:14.336 [restartedMain] INFO  com.ddl.manager.DdlApplication - No active profile set, falling back to 1 default profile: "default"
2025-12-31 14:19:14.442 [restartedMain] INFO  o.s.b.d.env.DevToolsPropertyDefaultsPostProcessor - Devtools property defaults active! Set 'spring.devtools.add-properties' to 'false' to disable
2025-12-31 14:19:14.443 [restartedMain] INFO  o.s.b.d.env.DevToolsPropertyDefaultsPostProcessor - For additional web related logging consider setting the 'logging.level.web' property to 'DEBUG'
2025-12-31 14:19:16.049 [restartedMain] INFO  o.s.d.r.config.RepositoryConfigurationDelegate - Multiple Spring Data modules found, entering strict repository configuration mode
2025-12-31 14:19:16.050 [restartedMain] INFO  o.s.d.r.config.RepositoryConfigurationDelegate - Bootstrapping Spring Data JPA repositories in DEFAULT mode.
2025-12-31 14:19:16.232 [restartedMain] INFO  o.s.d.r.config.RepositoryConfigurationDelegate - Finished Spring Data repository scanning in 164 ms. Found 3 JPA repository interfaces.
2025-12-31 14:19:16.269 [restartedMain] INFO  o.s.d.r.config.RepositoryConfigurationDelegate - Multiple Spring Data modules found, entering strict repository configuration mode
2025-12-31 14:19:16.272 [restartedMain] INFO  o.s.d.r.config.RepositoryConfigurationDelegate - Bootstrapping Spring Data Redis repositories in DEFAULT mode.
2025-12-31 14:19:16.316 [restartedMain] INFO  o.s.d.r.c.RepositoryConfigurationExtensionSupport - Spring Data Redis - Could not safely identify store assignment for repository candidate interface com.ddl.manager.domain.auth.repository.RoleRepository; If you want this repository to be a Redis repository, consider annotating your entities with one of these annotations: org.springframework.data.redis.core.RedisHash (preferred), or consider extending one of the following types with your repository: org.springframework.data.keyvalue.repository.KeyValueRepository
2025-12-31 14:19:16.319 [restartedMain] INFO  o.s.d.r.c.RepositoryConfigurationExtensionSupport - Spring Data Redis - Could not safely identify store assignment for repository candidate interface com.ddl.manager.domain.auth.repository.UserRepository; If you want this repository to be a Redis repository, consider annotating your entities with one of these annotations: org.springframework.data.redis.core.RedisHash (preferred), or consider extending one of the following types with your repository: org.springframework.data.keyvalue.repository.KeyValueRepository
2025-12-31 14:19:16.320 [restartedMain] INFO  o.s.d.r.c.RepositoryConfigurationExtensionSupport - Spring Data Redis - Could not safely identify store assignment for repository candidate interface com.ddl.manager.domain.task.repository.TaskRepository; If you want this repository to be a Redis repository, consider annotating your entities with one of these annotations: org.springframework.data.redis.core.RedisHash (preferred), or consider extending one of the following types with your repository: org.springframework.data.keyvalue.repository.KeyValueRepository
2025-12-31 14:19:16.322 [restartedMain] INFO  o.s.d.r.config.RepositoryConfigurationDelegate - Finished Spring Data repository scanning in 30 ms. Found 0 Redis repository interfaces.
2025-12-31 14:19:17.819 [restartedMain] INFO  o.s.boot.web.embedded.tomcat.TomcatWebServer - Tomcat initialized with port(s): 8080 (http)
2025-12-31 14:19:17.834 [restartedMain] INFO  org.apache.coyote.http11.Http11NioProtocol - Initializing ProtocolHandler ["http-nio-8080"]
2025-12-31 14:19:17.838 [restartedMain] INFO  org.apache.catalina.core.StandardService - Starting service [Tomcat]
2025-12-31 14:19:17.838 [restartedMain] INFO  org.apache.catalina.core.StandardEngine - Starting Servlet engine: [Apache Tomcat/9.0.83]
2025-12-31 14:19:18.041 [restartedMain] INFO  o.a.c.core.ContainerBase.[Tomcat].[localhost].[/] - Initializing Spring embedded WebApplicationContext
2025-12-31 14:19:18.042 [restartedMain] INFO  o.s.b.w.s.c.ServletWebServerApplicationContext - Root WebApplicationContext: initialization completed in 3599 ms
2025-12-31 14:19:18.380 [restartedMain] INFO  org.hibernate.jpa.internal.util.LogHelper - HHH000204: Processing PersistenceUnitInfo [name: default]
2025-12-31 14:19:18.480 [restartedMain] INFO  org.hibernate.Version - HHH000412: Hibernate ORM core version 5.6.15.Final
2025-12-31 14:19:18.748 [restartedMain] INFO  org.hibernate.annotations.common.Version - HCANN000001: Hibernate Commons Annotations {5.1.2.Final}
2025-12-31 14:19:18.921 [restartedMain] INFO  com.zaxxer.hikari.HikariDataSource - HikariPool-1 - Starting...
2025-12-31 14:19:19.151 [restartedMain] INFO  com.zaxxer.hikari.HikariDataSource - HikariPool-1 - Start completed.
2025-12-31 14:19:19.177 [restartedMain] INFO  org.hibernate.dialect.Dialect - HHH000400: Using dialect: org.hibernate.dialect.MySQL8Dialect
2025-12-31 14:19:20.597 [restartedMain] INFO  o.h.e.t.jta.platform.internal.JtaPlatformInitiator - HHH000490: Using JtaPlatform implementation: [org.hibernate.engine.transaction.jta.platform.internal.NoJtaPlatform]
2025-12-31 14:19:20.619 [restartedMain] INFO  o.s.orm.jpa.LocalContainerEntityManagerFactoryBean - Initialized JPA EntityManagerFactory for persistence unit 'default'
2025-12-31 14:19:22.462 [restartedMain] WARN  o.s.b.a.o.j.JpaBaseConfiguration$JpaWebConfiguration - spring.jpa.open-in-view is enabled by default. Therefore, database queries may be performed during view rendering. Explicitly configure spring.jpa.open-in-view to disable this warning
2025-12-31 14:19:22.643 [restartedMain] DEBUG o.s.s.w.a.e.ExpressionBasedFilterInvocationSecurityMetadataSource - Adding web access control expression [permitAll] for ExactUrl [processUrl='/login?error=true']
2025-12-31 14:19:22.651 [restartedMain] DEBUG o.s.s.w.a.e.ExpressionBasedFilterInvocationSecurityMetadataSource - Adding web access control expression [permitAll] for ExactUrl [processUrl='/login']
2025-12-31 14:19:22.651 [restartedMain] DEBUG o.s.s.w.a.e.ExpressionBasedFilterInvocationSecurityMetadataSource - Adding web access control expression [permitAll] for ExactUrl [processUrl='/login']
2025-12-31 14:19:22.652 [restartedMain] DEBUG o.s.s.w.a.e.ExpressionBasedFilterInvocationSecurityMetadataSource - Adding web access control expression [permitAll] for Or [Ant [pattern='/logout', GET], Ant [pattern='/logout', POST], Ant [pattern='/logout', PUT], Ant [pattern='/logout', DELETE]]
2025-12-31 14:19:22.652 [restartedMain] DEBUG o.s.s.w.a.e.ExpressionBasedFilterInvocationSecurityMetadataSource - Adding web access control expression [permitAll] for ExactUrl [processUrl='/login?logout=true']
2025-12-31 14:19:22.652 [restartedMain] DEBUG o.s.s.w.a.e.ExpressionBasedFilterInvocationSecurityMetadataSource - Adding web access control expression [permitAll] for Ant [pattern='/register']
2025-12-31 14:19:22.652 [restartedMain] DEBUG o.s.s.w.a.e.ExpressionBasedFilterInvocationSecurityMetadataSource - Adding web access control expression [permitAll] for Ant [pattern='/login']
2025-12-31 14:19:22.652 [restartedMain] DEBUG o.s.s.w.a.e.ExpressionBasedFilterInvocationSecurityMetadataSource - Adding web access control expression [permitAll] for Ant [pattern='/css/**']
2025-12-31 14:19:22.653 [restartedMain] DEBUG o.s.s.w.a.e.ExpressionBasedFilterInvocationSecurityMetadataSource - Adding web access control expression [permitAll] for Ant [pattern='/js/**']
2025-12-31 14:19:22.653 [restartedMain] DEBUG o.s.s.w.a.e.ExpressionBasedFilterInvocationSecurityMetadataSource - Adding web access control expression [permitAll] for Ant [pattern='/images/**']
2025-12-31 14:19:22.653 [restartedMain] DEBUG o.s.s.w.a.e.ExpressionBasedFilterInvocationSecurityMetadataSource - Adding web access control expression [permitAll] for Ant [pattern='/api/test/**']
2025-12-31 14:19:22.653 [restartedMain] DEBUG o.s.s.w.a.e.ExpressionBasedFilterInvocationSecurityMetadataSource - Adding web access control expression [permitAll] for Ant [pattern='/statistics']
2025-12-31 14:19:22.653 [restartedMain] DEBUG o.s.s.w.a.e.ExpressionBasedFilterInvocationSecurityMetadataSource - Adding web access control expression [hasRole('ROLE_ADMIN')] for Ant [pattern='/admin/**']
2025-12-31 14:19:22.657 [restartedMain] DEBUG o.s.s.w.a.e.ExpressionBasedFilterInvocationSecurityMetadataSource - Adding web access control expression [authenticated] for any request
2025-12-31 14:19:22.671 [restartedMain] INFO  o.s.security.web.DefaultSecurityFilterChain - Will secure any request with [org.springframework.security.web.session.DisableEncodeUrlFilter@2b6ec94f, org.springframework.security.web.context.request.async.WebAsyncManagerIntegrationFilter@598ee89d, org.springframework.security.web.context.SecurityContextPersistenceFilter@a7c408, org.springframework.security.web.header.HeaderWriterFilter@6392758f, org.springframework.security.web.authentication.logout.LogoutFilter@19baf616, org.springframework.security.web.authentication.UsernamePasswordAuthenticationFilter@36a1e1a2, org.springframework.security.web.savedrequest.RequestCacheAwareFilter@69c17a4c, org.springframework.security.web.servletapi.SecurityContextHolderAwareRequestFilter@68621a75, org.springframework.security.web.authentication.AnonymousAuthenticationFilter@1559804e, org.springframework.security.web.session.SessionManagementFilter@5be80741, org.springframework.security.web.access.ExceptionTranslationFilter@ffe0e6b, org.springframework.security.web.access.intercept.FilterSecurityInterceptor@595ee3ef]
2025-12-31 14:19:23.463 [restartedMain] INFO  o.s.b.d.autoconfigure.OptionalLiveReloadServer - LiveReload server is running on port 35729
2025-12-31 14:19:23.497 [restartedMain] INFO  org.apache.coyote.http11.Http11NioProtocol - Starting ProtocolHandler ["http-nio-8080"]
2025-12-31 14:19:23.529 [restartedMain] INFO  o.s.boot.web.embedded.tomcat.TomcatWebServer - Tomcat started on port(s): 8080 (http) with context path ''
2025-12-31 14:19:23.551 [restartedMain] INFO  com.ddl.manager.DdlApplication - Started DdlApplication in 10.245 seconds (JVM running for 13.09)
2025-12-31 14:19:23.587 [restartedMain] DEBUG org.hibernate.SQL - 
    select
        count(*) as col_0_0_ 
    from
        sys_role roleentity0_
2025-12-31 14:19:23.645 [restartedMain] DEBUG org.hibernate.SQL - 
    select
        userentity0_.id as col_0_0_ 
    from
        sys_user userentity0_ 
    where
        userentity0_.username=? limit ?
2025-12-31 14:19:23.650 [restartedMain] DEBUG org.hibernate.SQL - 
    select
        userentity0_.id as col_0_0_ 
    from
        sys_user userentity0_ 
    where
        userentity0_.username=? limit ?
2025-12-31 14:19:39.136 [http-nio-8080-exec-1] INFO  o.a.c.core.ContainerBase.[Tomcat].[localhost].[/] - Initializing Spring DispatcherServlet 'dispatcherServlet'
2025-12-31 14:19:39.136 [http-nio-8080-exec-1] INFO  org.springframework.web.servlet.DispatcherServlet - Initializing Servlet 'dispatcherServlet'
2025-12-31 14:19:39.139 [http-nio-8080-exec-1] INFO  org.springframework.web.servlet.DispatcherServlet - Completed initialization in 3 ms
2025-12-31 14:19:39.160 [http-nio-8080-exec-1] DEBUG org.springframework.security.web.FilterChainProxy - Securing GET /statistics
2025-12-31 14:19:39.171 [http-nio-8080-exec-1] DEBUG o.s.s.web.context.SecurityContextPersistenceFilter - Set SecurityContextHolder to empty SecurityContext
2025-12-31 14:19:39.175 [http-nio-8080-exec-1] DEBUG o.s.s.w.a.AnonymousAuthenticationFilter - Set SecurityContextHolder to anonymous SecurityContext
2025-12-31 14:19:39.187 [http-nio-8080-exec-1] DEBUG o.s.s.w.access.intercept.FilterSecurityInterceptor - Authorized filter invocation [GET /statistics] with attributes [permitAll]
2025-12-31 14:19:39.187 [http-nio-8080-exec-1] DEBUG org.springframework.security.web.FilterChainProxy - Secured GET /statistics
2025-12-31 14:19:41.676 [http-nio-8080-exec-1] DEBUG o.s.s.w.c.HttpSessionSecurityContextRepository - Did not store anonymous SecurityContext
2025-12-31 14:19:41.683 [http-nio-8080-exec-1] DEBUG o.s.s.w.c.HttpSessionSecurityContextRepository - Did not store anonymous SecurityContext
2025-12-31 14:19:41.683 [http-nio-8080-exec-1] DEBUG o.s.s.web.context.SecurityContextPersistenceFilter - Cleared SecurityContextHolder to complete request
2025-12-31 14:19:41.794 [http-nio-8080-exec-2] DEBUG org.springframework.security.web.FilterChainProxy - Securing GET /.well-known/appspecific/com.chrome.devtools.json
2025-12-31 14:19:41.795 [http-nio-8080-exec-2] DEBUG o.s.s.web.context.SecurityContextPersistenceFilter - Set SecurityContextHolder to empty SecurityContext
2025-12-31 14:19:41.796 [http-nio-8080-exec-2] DEBUG o.s.s.web.savedrequest.HttpSessionRequestCache - Loaded matching saved request http://localhost:8080/.well-known/appspecific/com.chrome.devtools.json
2025-12-31 14:19:41.798 [http-nio-8080-exec-2] DEBUG o.s.s.w.a.AnonymousAuthenticationFilter - Set SecurityContextHolder to anonymous SecurityContext
2025-12-31 14:19:41.799 [http-nio-8080-exec-2] DEBUG o.s.s.w.access.intercept.FilterSecurityInterceptor - Failed to authorize filter invocation [GET /.well-known/appspecific/com.chrome.devtools.json] with attributes [authenticated]
2025-12-31 14:19:41.806 [http-nio-8080-exec-2] DEBUG o.s.s.web.savedrequest.HttpSessionRequestCache - Saved request http://localhost:8080/.well-known/appspecific/com.chrome.devtools.json to session
2025-12-31 14:19:41.808 [http-nio-8080-exec-2] DEBUG o.s.security.web.DefaultRedirectStrategy - Redirecting to http://localhost:8080/login
2025-12-31 14:19:41.809 [http-nio-8080-exec-2] DEBUG o.s.s.w.c.HttpSessionSecurityContextRepository - Did not store empty SecurityContext
2025-12-31 14:19:41.811 [http-nio-8080-exec-2] DEBUG o.s.s.w.c.HttpSessionSecurityContextRepository - Did not store empty SecurityContext
2025-12-31 14:19:41.812 [http-nio-8080-exec-2] DEBUG o.s.s.web.context.SecurityContextPersistenceFilter - Cleared SecurityContextHolder to complete request
2025-12-31 14:19:41.817 [http-nio-8080-exec-3] DEBUG org.springframework.security.web.FilterChainProxy - Securing GET /login
2025-12-31 14:19:41.819 [http-nio-8080-exec-3] DEBUG o.s.s.web.context.SecurityContextPersistenceFilter - Set SecurityContextHolder to empty SecurityContext
2025-12-31 14:19:41.820 [http-nio-8080-exec-3] DEBUG o.s.s.w.a.AnonymousAuthenticationFilter - Set SecurityContextHolder to anonymous SecurityContext
2025-12-31 14:19:41.822 [http-nio-8080-exec-3] DEBUG o.s.s.w.access.intercept.FilterSecurityInterceptor - Authorized filter invocation [GET /login] with attributes [permitAll]
2025-12-31 14:19:41.822 [http-nio-8080-exec-3] DEBUG org.springframework.security.web.FilterChainProxy - Secured GET /login
2025-12-31 14:19:41.909 [http-nio-8080-exec-3] DEBUG o.s.s.w.c.HttpSessionSecurityContextRepository - Did not store anonymous SecurityContext
2025-12-31 14:19:41.910 [http-nio-8080-exec-3] DEBUG o.s.s.w.c.HttpSessionSecurityContextRepository - Did not store anonymous SecurityContext
2025-12-31 14:19:41.910 [http-nio-8080-exec-3] DEBUG o.s.s.web.context.SecurityContextPersistenceFilter - Cleared SecurityContextHolder to complete request
